Date: Wed Jul  8 01:02:26 PM EDT 2026
Hostname: cn-f002.server.mila.quebec
CPUs: 8
=== Full experiment ===
======================================================================
Experiment 15 – Phase diagram: metric reliability vs m/d × m/n
  (m=50 fixed; rows vary d=[100, 50, 25, 10, 5], cols vary n=[5000, 1000, 500, 100, 50])
======================================================================

  ── Null encoder: E9 ──
    m/d=0.5, m/n=0.01 → m=50, d=100, n=5000
/home/mila/j/joshi.shruti/causalrepl_space/identifiability-guard/.venv/lib/python3.12/site-packages/scipy/stats/_distn_infrastructure.py:2334: RuntimeWarning: invalid value encountered in multiply
  lower_bound = _a * scale + loc
/home/mila/j/joshi.shruti/causalrepl_space/identifiability-guard/.venv/lib/python3.12/site-packages/scipy/stats/_distn_infrastructure.py:2335: RuntimeWarning: invalid value encountered in multiply
  upper_bound = _b * scale + loc
/home/mila/j/joshi.shruti/causalrepl_space/identifiability-guard/src/identifiability_guard/metrics/registry.py:201: UserWarning: tmex failed with error: TMEXMetric requires at least 50 samples, got 20
  warnings.warn(f"{name} failed with error: {e}")
/home/mila/j/joshi.shruti/causalrepl_space/identifiability-guard/src/identifiability_guard/metrics/registry.py:201: UserWarning: infom failed with error: InfoMMetric requires at least 50 samples, got 20
  warnings.warn(f"{name} failed with error: {e}")
/home/mila/j/joshi.shruti/causalrepl_space/identifiability-guard/src/identifiability_guard/metrics/registry.py:201: UserWarning: mig failed with error: MIGMetric requires at least 40 samples, got 20
  warnings.warn(f"{name} failed with error: {e}")
/home/mila/j/joshi.shruti/causalrepl_space/identifiability-guard/src/identifiability_guard/metrics/registry.py:201: UserWarning: infom failed with error: InfoMMetric requires at least 50 samples, got 20
  warnings.warn(f"{name} failed with error: {e}")
/home/mila/j/joshi.shruti/causalrepl_space/identifiability-guard/src/identifiability_guard/metrics/registry.py:201: UserWarning: mig failed with error: MIGMetric requires at least 40 samples, got 20
  warnings.warn(f"{name} failed with error: {e}")
/home/mila/j/joshi.shruti/causalrepl_space/identifiability-guard/src/identifiability_guard/metrics/registry.py:201: UserWarning: infom failed with error: InfoMMetric requires at least 50 samples, got 20
  warnings.warn(f"{name} failed with error: {e}")
/home/mila/j/joshi.shruti/causalrepl_space/identifiability-guard/src/identifiability_guard/metrics/registry.py:201: UserWarning: tmex failed with error: TMEXMetric requires at least 50 samples, got 20
  warnings.warn(f"{name} failed with error: {e}")
/home/mila/j/joshi.shruti/causalrepl_space/identifiability-guard/src/identifiability_guard/metrics/registry.py:201: UserWarning: tmex failed with error: TMEXMetric requires at least 50 samples, got 20
  warnings.warn(f"{name} failed with error: {e}")
/home/mila/j/joshi.shruti/causalrepl_space/identifiability-guard/src/identifiability_guard/metrics/registry.py:201: UserWarning: infom failed with error: InfoMMetric requires at least 50 samples, got 20
  warnings.warn(f"{name} failed with error: {e}")
/home/mila/j/joshi.shruti/causalrepl_space/identifiability-guard/src/identifiability_guard/metrics/registry.py:201: UserWarning: mig failed with error: MIGMetric requires at least 40 samples, got 20
  warnings.warn(f"{name} failed with error: {e}")
/home/mila/j/joshi.shruti/causalrepl_space/identifiability-guard/src/identifiability_guard/metrics/registry.py:201: UserWarning: tmex failed with error: TMEXMetric requires at least 50 samples, got 20
  warnings.warn(f"{name} failed with error: {e}")
/home/mila/j/joshi.shruti/causalrepl_space/identifiability-guard/src/identifiability_guard/metrics/registry.py:201: UserWarning: tmex failed with error: TMEXMetric requires at least 50 samples, got 20
  warnings.warn(f"{name} failed with error: {e}")
/home/mila/j/joshi.shruti/causalrepl_space/identifiability-guard/src/identifiability_guard/metrics/registry.py:201: UserWarning: mig failed with error: MIGMetric requires at least 40 samples, got 20
  warnings.warn(f"{name} failed with error: {e}")
/home/mila/j/joshi.shruti/causalrepl_space/identifiability-guard/src/identifiability_guard/metrics/registry.py:201: UserWarning: infom failed with error: InfoMMetric requires at least 50 samples, got 20
  warnings.warn(f"{name} failed with error: {e}")
/home/mila/j/joshi.shruti/causalrepl_space/identifiability-guard/src/identifiability_guard/metrics/registry.py:201: UserWarning: mig failed with error: MIGMetric requires at least 40 samples, got 20
  warnings.warn(f"{name} failed with error: {e}")
/home/mila/j/joshi.shruti/causalrepl_space/identifiability-guard/src/identifiability_guard/metrics/registry.py:201: UserWarning: tmex failed with error: TMEXMetric requires at least 50 samples, got 10
  warnings.warn(f"{name} failed with error: {e}")
/home/mila/j/joshi.shruti/causalrepl_space/identifiability-guard/src/identifiability_guard/metrics/registry.py:201: UserWarning: infom failed with error: InfoMMetric requires at least 50 samples, got 10
  warnings.warn(f"{name} failed with error: {e}")
/home/mila/j/joshi.shruti/causalrepl_space/identifiability-guard/src/identifiability_guard/metrics/registry.py:201: UserWarning: mig failed with error: MIGMetric requires at least 40 samples, got 10
  warnings.warn(f"{name} failed with error: {e}")
/home/mila/j/joshi.shruti/causalrepl_space/identifiability-guard/src/identifiability_guard/metrics/registry.py:201: UserWarning: infom failed with error: InfoMMetric requires at least 50 samples, got 10
  warnings.warn(f"{name} failed with error: {e}")
/home/mila/j/joshi.shruti/causalrepl_space/identifiability-guard/src/identifiability_guard/metrics/registry.py:201: UserWarning: tmex failed with error: TMEXMetric requires at least 50 samples, got 10
  warnings.warn(f"{name} failed with error: {e}")
/home/mila/j/joshi.shruti/causalrepl_space/identifiability-guard/src/identifiability_guard/metrics/registry.py:201: UserWarning: mig failed with error: MIGMetric requires at least 40 samples, got 10
  warnings.warn(f"{name} failed with error: {e}")
/home/mila/j/joshi.shruti/causalrepl_space/identifiability-guard/src/identifiability_guard/metrics/registry.py:201: UserWarning: infom failed with error: InfoMMetric requires at least 50 samples, got 10
  warnings.warn(f"{name} failed with error: {e}")
/home/mila/j/joshi.shruti/causalrepl_space/identifiability-guard/src/identifiability_guard/metrics/registry.py:201: UserWarning: tmex failed with error: TMEXMetric requires at least 50 samples, got 10
  warnings.warn(f"{name} failed with error: {e}")
/home/mila/j/joshi.shruti/causalrepl_space/identifiability-guard/src/identifiability_guard/metrics/registry.py:201: UserWarning: mig failed with error: MIGMetric requires at least 40 samples, got 10
  warnings.warn(f"{name} failed with error: {e}")
/home/mila/j/joshi.shruti/causalrepl_space/identifiability-guard/src/identifiability_guard/metrics/registry.py:201: UserWarning: infom failed with error: InfoMMetric requires at least 50 samples, got 10
  warnings.warn(f"{name} failed with error: {e}")
/home/mila/j/joshi.shruti/causalrepl_space/identifiability-guard/src/identifiability_guard/metrics/registry.py:201: UserWarning: mig failed with error: MIGMetric requires at least 40 samples, got 10
  warnings.warn(f"{name} failed with error: {e}")
/home/mila/j/joshi.shruti/causalrepl_space/identifiability-guard/src/identifiability_guard/metrics/registry.py:201: UserWarning: tmex failed with error: TMEXMetric requires at least 50 samples, got 10
  warnings.warn(f"{name} failed with error: {e}")
/home/mila/j/joshi.shruti/causalrepl_space/identifiability-guard/src/identifiability_guard/metrics/registry.py:201: UserWarning: mig failed with error: MIGMetric requires at least 40 samples, got 10
  warnings.warn(f"{name} failed with error: {e}")
/home/mila/j/joshi.shruti/causalrepl_space/identifiability-guard/src/identifiability_guard/metrics/registry.py:201: UserWarning: infom failed with error: InfoMMetric requires at least 50 samples, got 10
  warnings.warn(f"{name} failed with error: {e}")
/home/mila/j/joshi.shruti/causalrepl_space/identifiability-guard/src/identifiability_guard/metrics/registry.py:201: UserWarning: tmex failed with error: TMEXMetric requires at least 50 samples, got 10
  warnings.warn(f"{name} failed with error: {e}")
/home/mila/j/joshi.shruti/causalrepl_space/identifiability-guard/src/identifiability_guard/metrics/registry.py:201: UserWarning: tmex failed with error: TMEXMetric requires at least 50 samples, got 20
  warnings.warn(f"{name} failed with error: {e}")
/home/mila/j/joshi.shruti/causalrepl_space/identifiability-guard/src/identifiability_guard/metrics/registry.py:201: UserWarning: infom failed with error: InfoMMetric requires at least 50 samples, got 20
  warnings.warn(f"{name} failed with error: {e}")
/home/mila/j/joshi.shruti/causalrepl_space/identifiability-guard/src/identifiability_guard/metrics/registry.py:201: UserWarning: mig failed with error: MIGMetric requires at least 40 samples, got 20
  warnings.warn(f"{name} failed with error: {e}")
/home/mila/j/joshi.shruti/causalrepl_space/identifiability-guard/src/identifiability_guard/metrics/registry.py:201: UserWarning: infom failed with error: InfoMMetric requires at least 50 samples, got 20
  warnings.warn(f"{name} failed with error: {e}")
/home/mila/j/joshi.shruti/causalrepl_space/identifiability-guard/src/identifiability_guard/metrics/registry.py:201: UserWarning: mig failed with error: MIGMetric requires at least 40 samples, got 20
  warnings.warn(f"{name} failed with error: {e}")
/home/mila/j/joshi.shruti/causalrepl_space/identifiability-guard/src/identifiability_guard/metrics/registry.py:201: UserWarning: infom failed with error: InfoMMetric requires at least 50 samples, got 20
  warnings.warn(f"{name} failed with error: {e}")
/home/mila/j/joshi.shruti/causalrepl_space/identifiability-guard/src/identifiability_guard/metrics/registry.py:201: UserWarning: tmex failed with error: TMEXMetric requires at least 50 samples, got 20
  warnings.warn(f"{name} failed with error: {e}")
/home/mila/j/joshi.shruti/causalrepl_space/identifiability-guard/src/identifiability_guard/metrics/registry.py:201: UserWarning: tmex failed with error: TMEXMetric requires at least 50 samples, got 20
  warnings.warn(f"{name} failed with error: {e}")
/home/mila/j/joshi.shruti/causalrepl_space/identifiability-guard/src/identifiability_guard/metrics/registry.py:201: UserWarning: infom failed with error: InfoMMetric requires at least 50 samples, got 20
  warnings.warn(f"{name} failed with error: {e}")
/home/mila/j/joshi.shruti/causalrepl_space/identifiability-guard/src/identifiability_guard/metrics/registry.py:201: UserWarning: mig failed with error: MIGMetric requires at least 40 samples, got 20
  warnings.warn(f"{name} failed with error: {e}")
/home/mila/j/joshi.shruti/causalrepl_space/identifiability-guard/src/identifiability_guard/metrics/registry.py:201: UserWarning: tmex failed with error: TMEXMetric requires at least 50 samples, got 20
  warnings.warn(f"{name} failed with error: {e}")
/home/mila/j/joshi.shruti/causalrepl_space/identifiability-guard/src/identifiability_guard/metrics/registry.py:201: UserWarning: mig failed with error: MIGMetric requires at least 40 samples, got 20
  warnings.warn(f"{name} failed with error: {e}")
/home/mila/j/joshi.shruti/causalrepl_space/identifiability-guard/src/identifiability_guard/metrics/registry.py:201: UserWarning: infom failed with error: InfoMMetric requires at least 50 samples, got 20
  warnings.warn(f"{name} failed with error: {e}")
/home/mila/j/joshi.shruti/causalrepl_space/identifiability-guard/src/identifiability_guard/metrics/registry.py:201: UserWarning: tmex failed with error: TMEXMetric requires at least 50 samples, got 20
  warnings.warn(f"{name} failed with error: {e}")
/home/mila/j/joshi.shruti/causalrepl_space/identifiability-guard/src/identifiability_guard/metrics/registry.py:201: UserWarning: mig failed with error: MIGMetric requires at least 40 samples, got 20
  warnings.warn(f"{name} failed with error: {e}")
/home/mila/j/joshi.shruti/causalrepl_space/identifiability-guard/src/identifiability_guard/metrics/registry.py:201: UserWarning: tmex failed with error: TMEXMetric requires at least 50 samples, got 10
  warnings.warn(f"{name} failed with error: {e}")
/home/mila/j/joshi.shruti/causalrepl_space/identifiability-guard/src/identifiability_guard/metrics/registry.py:201: UserWarning: infom failed with error: InfoMMetric requires at least 50 samples, got 10
  warnings.warn(f"{name} failed with error: {e}")
/home/mila/j/joshi.shruti/causalrepl_space/identifiability-guard/src/identifiability_guard/metrics/registry.py:201: UserWarning: mig failed with error: MIGMetric requires at least 40 samples, got 10
  warnings.warn(f"{name} failed with error: {e}")
/home/mila/j/joshi.shruti/causalrepl_space/identifiability-guard/src/identifiability_guard/metrics/registry.py:201: UserWarning: infom failed with error: InfoMMetric requires at least 50 samples, got 10
  warnings.warn(f"{name} failed with error: {e}")
/home/mila/j/joshi.shruti/causalrepl_space/identifiability-guard/src/identifiability_guard/metrics/registry.py:201: UserWarning: mig failed with error: MIGMetric requires at least 40 samples, got 10
  warnings.warn(f"{name} failed with error: {e}")
/home/mila/j/joshi.shruti/causalrepl_space/identifiability-guard/src/identifiability_guard/metrics/registry.py:201: UserWarning: infom failed with error: InfoMMetric requires at least 50 samples, got 10
  warnings.warn(f"{name} failed with error: {e}")
/home/mila/j/joshi.shruti/causalrepl_space/identifiability-guard/src/identifiability_guard/metrics/registry.py:201: UserWarning: tmex failed with error: TMEXMetric requires at least 50 samples, got 10
  warnings.warn(f"{name} failed with error: {e}")
/home/mila/j/joshi.shruti/causalrepl_space/identifiability-guard/src/identifiability_guard/metrics/registry.py:201: UserWarning: tmex failed with error: TMEXMetric requires at least 50 samples, got 10
  warnings.warn(f"{name} failed with error: {e}")
/home/mila/j/joshi.shruti/causalrepl_space/identifiability-guard/src/identifiability_guard/metrics/registry.py:201: UserWarning: infom failed with error: InfoMMetric requires at least 50 samples, got 10
  warnings.warn(f"{name} failed with error: {e}")
/home/mila/j/joshi.shruti/causalrepl_space/identifiability-guard/src/identifiability_guard/metrics/registry.py:201: UserWarning: mig failed with error: MIGMetric requires at least 40 samples, got 10
  warnings.warn(f"{name} failed with error: {e}")
/home/mila/j/joshi.shruti/causalrepl_space/identifiability-guard/src/identifiability_guard/metrics/registry.py:201: UserWarning: mig failed with error: MIGMetric requires at least 40 samples, got 10
  warnings.warn(f"{name} failed with error: {e}")
/home/mila/j/joshi.shruti/causalrepl_space/identifiability-guard/src/identifiability_guard/metrics/registry.py:201: UserWarning: tmex failed with error: TMEXMetric requires at least 50 samples, got 10
  warnings.warn(f"{name} failed with error: {e}")
/home/mila/j/joshi.shruti/causalrepl_space/identifiability-guard/src/identifiability_guard/metrics/registry.py:201: UserWarning: mig failed with error: MIGMetric requires at least 40 samples, got 10
  warnings.warn(f"{name} failed with error: {e}")
/home/mila/j/joshi.shruti/causalrepl_space/identifiability-guard/src/identifiability_guard/metrics/registry.py:201: UserWarning: infom failed with error: InfoMMetric requires at least 50 samples, got 10
  warnings.warn(f"{name} failed with error: {e}")
/home/mila/j/joshi.shruti/causalrepl_space/identifiability-guard/src/identifiability_guard/metrics/registry.py:201: UserWarning: tmex failed with error: TMEXMetric requires at least 50 samples, got 10
  warnings.warn(f"{name} failed with error: {e}")
/home/mila/j/joshi.shruti/causalrepl_space/identifiability-guard/src/identifiability_guard/metrics/registry.py:201: UserWarning: tmex failed with error: TMEXMetric requires at least 50 samples, got 20
  warnings.warn(f"{name} failed with error: {e}")
/home/mila/j/joshi.shruti/causalrepl_space/identifiability-guard/src/identifiability_guard/metrics/registry.py:201: UserWarning: infom failed with error: InfoMMetric requires at least 50 samples, got 20
  warnings.warn(f"{name} failed with error: {e}")
/home/mila/j/joshi.shruti/causalrepl_space/identifiability-guard/src/identifiability_guard/metrics/registry.py:201: UserWarning: mig failed with error: MIGMetric requires at least 40 samples, got 20
  warnings.warn(f"{name} failed with error: {e}")
/home/mila/j/joshi.shruti/causalrepl_space/identifiability-guard/src/identifiability_guard/metrics/registry.py:201: UserWarning: infom failed with error: InfoMMetric requires at least 50 samples, got 20
  warnings.warn(f"{name} failed with error: {e}")
/home/mila/j/joshi.shruti/causalrepl_space/identifiability-guard/src/identifiability_guard/metrics/registry.py:201: UserWarning: tmex failed with error: TMEXMetric requires at least 50 samples, got 20
  warnings.warn(f"{name} failed with error: {e}")
/home/mila/j/joshi.shruti/causalrepl_space/identifiability-guard/src/identifiability_guard/metrics/registry.py:201: UserWarning: mig failed with error: MIGMetric requires at least 40 samples, got 20
  warnings.warn(f"{name} failed with error: {e}")
/home/mila/j/joshi.shruti/causalrepl_space/identifiability-guard/src/identifiability_guard/metrics/registry.py:201: UserWarning: infom failed with error: InfoMMetric requires at least 50 samples, got 20
  warnings.warn(f"{name} failed with error: {e}")
/home/mila/j/joshi.shruti/causalrepl_space/identifiability-guard/src/identifiability_guard/metrics/registry.py:201: UserWarning: tmex failed with error: TMEXMetric requires at least 50 samples, got 20
  warnings.warn(f"{name} failed with error: {e}")
/home/mila/j/joshi.shruti/causalrepl_space/identifiability-guard/src/identifiability_guard/metrics/registry.py:201: UserWarning: mig failed with error: MIGMetric requires at least 40 samples, got 20
  warnings.warn(f"{name} failed with error: {e}")
/home/mila/j/joshi.shruti/causalrepl_space/identifiability-guard/src/identifiability_guard/metrics/registry.py:201: UserWarning: infom failed with error: InfoMMetric requires at least 50 samples, got 20
  warnings.warn(f"{name} failed with error: {e}")
/home/mila/j/joshi.shruti/causalrepl_space/identifiability-guard/src/identifiability_guard/metrics/registry.py:201: UserWarning: mig failed with error: MIGMetric requires at least 40 samples, got 20
  warnings.warn(f"{name} failed with error: {e}")
/home/mila/j/joshi.shruti/causalrepl_space/identifiability-guard/src/identifiability_guard/metrics/registry.py:201: UserWarning: tmex failed with error: TMEXMetric requires at least 50 samples, got 20
  warnings.warn(f"{name} failed with error: {e}")
/home/mila/j/joshi.shruti/causalrepl_space/identifiability-guard/src/identifiability_guard/metrics/registry.py:201: UserWarning: mig failed with error: MIGMetric requires at least 40 samples, got 20
  warnings.warn(f"{name} failed with error: {e}")
/home/mila/j/joshi.shruti/causalrepl_space/identifiability-guard/src/identifiability_guard/metrics/registry.py:201: UserWarning: infom failed with error: InfoMMetric requires at least 50 samples, got 20
  warnings.warn(f"{name} failed with error: {e}")
/home/mila/j/joshi.shruti/causalrepl_space/identifiability-guard/src/identifiability_guard/metrics/registry.py:201: UserWarning: tmex failed with error: TMEXMetric requires at least 50 samples, got 20
  warnings.warn(f"{name} failed with error: {e}")
/home/mila/j/joshi.shruti/causalrepl_space/identifiability-guard/src/identifiability_guard/metrics/registry.py:201: UserWarning: tmex failed with error: TMEXMetric requires at least 50 samples, got 10
  warnings.warn(f"{name} failed with error: {e}")
/home/mila/j/joshi.shruti/causalrepl_space/identifiability-guard/src/identifiability_guard/metrics/registry.py:201: UserWarning: infom failed with error: InfoMMetric requires at least 50 samples, got 10
  warnings.warn(f"{name} failed with error: {e}")
/home/mila/j/joshi.shruti/causalrepl_space/identifiability-guard/src/identifiability_guard/metrics/registry.py:201: UserWarning: mig failed with error: MIGMetric requires at least 40 samples, got 10
  warnings.warn(f"{name} failed with error: {e}")
/home/mila/j/joshi.shruti/causalrepl_space/identifiability-guard/src/identifiability_guard/metrics/registry.py:201: UserWarning: infom failed with error: InfoMMetric requires at least 50 samples, got 10
  warnings.warn(f"{name} failed with error: {e}")
/home/mila/j/joshi.shruti/causalrepl_space/identifiability-guard/src/identifiability_guard/metrics/registry.py:201: UserWarning: tmex failed with error: TMEXMetric requires at least 50 samples, got 10
  warnings.warn(f"{name} failed with error: {e}")
/home/mila/j/joshi.shruti/causalrepl_space/identifiability-guard/src/identifiability_guard/metrics/registry.py:201: UserWarning: mig failed with error: MIGMetric requires at least 40 samples, got 10
  warnings.warn(f"{name} failed with error: {e}")
/home/mila/j/joshi.shruti/causalrepl_space/identifiability-guard/src/identifiability_guard/metrics/registry.py:201: UserWarning: infom failed with error: InfoMMetric requires at least 50 samples, got 10
  warnings.warn(f"{name} failed with error: {e}")
/home/mila/j/joshi.shruti/causalrepl_space/identifiability-guard/src/identifiability_guard/metrics/registry.py:201: UserWarning: tmex failed with error: TMEXMetric requires at least 50 samples, got 10
  warnings.warn(f"{name} failed with error: {e}")
/home/mila/j/joshi.shruti/causalrepl_space/identifiability-guard/src/identifiability_guard/metrics/registry.py:201: UserWarning: infom failed with error: InfoMMetric requires at least 50 samples, got 10
  warnings.warn(f"{name} failed with error: {e}")
/home/mila/j/joshi.shruti/causalrepl_space/identifiability-guard/src/identifiability_guard/metrics/registry.py:201: UserWarning: mig failed with error: MIGMetric requires at least 40 samples, got 10
  warnings.warn(f"{name} failed with error: {e}")
/home/mila/j/joshi.shruti/causalrepl_space/identifiability-guard/src/identifiability_guard/metrics/registry.py:201: UserWarning: tmex failed with error: TMEXMetric requires at least 50 samples, got 10
  warnings.warn(f"{name} failed with error: {e}")
/home/mila/j/joshi.shruti/causalrepl_space/identifiability-guard/src/identifiability_guard/metrics/registry.py:201: UserWarning: mig failed with error: MIGMetric requires at least 40 samples, got 10
  warnings.warn(f"{name} failed with error: {e}")
/home/mila/j/joshi.shruti/causalrepl_space/identifiability-guard/src/identifiability_guard/metrics/registry.py:201: UserWarning: infom failed with error: InfoMMetric requires at least 50 samples, got 10
  warnings.warn(f"{name} failed with error: {e}")
/home/mila/j/joshi.shruti/causalrepl_space/identifiability-guard/src/identifiability_guard/metrics/registry.py:201: UserWarning: mig failed with error: MIGMetric requires at least 40 samples, got 10
  warnings.warn(f"{name} failed with error: {e}")
/home/mila/j/joshi.shruti/causalrepl_space/identifiability-guard/src/identifiability_guard/metrics/registry.py:201: UserWarning: tmex failed with error: TMEXMetric requires at least 50 samples, got 10
  warnings.warn(f"{name} failed with error: {e}")
/home/mila/j/joshi.shruti/causalrepl_space/identifiability-guard/src/identifiability_guard/metrics/registry.py:201: UserWarning: tmex failed with error: TMEXMetric requires at least 50 samples, got 20
  warnings.warn(f"{name} failed with error: {e}")
/home/mila/j/joshi.shruti/causalrepl_space/identifiability-guard/src/identifiability_guard/metrics/registry.py:201: UserWarning: infom failed with error: InfoMMetric requires at least 50 samples, got 20
  warnings.warn(f"{name} failed with error: {e}")
/home/mila/j/joshi.shruti/causalrepl_space/identifiability-guard/src/identifiability_guard/metrics/registry.py:201: UserWarning: mig failed with error: MIGMetric requires at least 40 samples, got 20
  warnings.warn(f"{name} failed with error: {e}")
/home/mila/j/joshi.shruti/causalrepl_space/identifiability-guard/src/identifiability_guard/metrics/registry.py:201: UserWarning: infom failed with error: InfoMMetric requires at least 50 samples, got 20
  warnings.warn(f"{name} failed with error: {e}")
/home/mila/j/joshi.shruti/causalrepl_space/identifiability-guard/src/identifiability_guard/metrics/registry.py:201: UserWarning: mig failed with error: MIGMetric requires at least 40 samples, got 20
  warnings.warn(f"{name} failed with error: {e}")
/home/mila/j/joshi.shruti/causalrepl_space/identifiability-guard/src/identifiability_guard/metrics/registry.py:201: UserWarning: infom failed with error: InfoMMetric requires at least 50 samples, got 20
  warnings.warn(f"{name} failed with error: {e}")
/home/mila/j/joshi.shruti/causalrepl_space/identifiability-guard/src/identifiability_guard/metrics/registry.py:201: UserWarning: tmex failed with error: TMEXMetric requires at least 50 samples, got 20
  warnings.warn(f"{name} failed with error: {e}")
/home/mila/j/joshi.shruti/causalrepl_space/identifiability-guard/src/identifiability_guard/metrics/registry.py:201: UserWarning: tmex failed with error: TMEXMetric requires at least 50 samples, got 20
  warnings.warn(f"{name} failed with error: {e}")
/home/mila/j/joshi.shruti/causalrepl_space/identifiability-guard/src/identifiability_guard/metrics/registry.py:201: UserWarning: infom failed with error: InfoMMetric requires at least 50 samples, got 20
  warnings.warn(f"{name} failed with error: {e}")
/home/mila/j/joshi.shruti/causalrepl_space/identifiability-guard/src/identifiability_guard/metrics/registry.py:201: UserWarning: tmex failed with error: TMEXMetric requires at least 50 samples, got 20
  warnings.warn(f"{name} failed with error: {e}")
/home/mila/j/joshi.shruti/causalrepl_space/identifiability-guard/src/identifiability_guard/metrics/registry.py:201: UserWarning: mig failed with error: MIGMetric requires at least 40 samples, got 20
  warnings.warn(f"{name} failed with error: {e}")
/home/mila/j/joshi.shruti/causalrepl_space/identifiability-guard/src/identifiability_guard/metrics/registry.py:201: UserWarning: tmex failed with error: TMEXMetric requires at least 50 samples, got 20
  warnings.warn(f"{name} failed with error: {e}")
/home/mila/j/joshi.shruti/causalrepl_space/identifiability-guard/src/identifiability_guard/metrics/registry.py:201: UserWarning: mig failed with error: MIGMetric requires at least 40 samples, got 20
  warnings.warn(f"{name} failed with error: {e}")
/home/mila/j/joshi.shruti/causalrepl_space/identifiability-guard/src/identifiability_guard/metrics/registry.py:201: UserWarning: infom failed with error: InfoMMetric requires at least 50 samples, got 20
  warnings.warn(f"{name} failed with error: {e}")
/home/mila/j/joshi.shruti/causalrepl_space/identifiability-guard/src/identifiability_guard/metrics/registry.py:201: UserWarning: mig failed with error: MIGMetric requires at least 40 samples, got 20
  warnings.warn(f"{name} failed with error: {e}")
/home/mila/j/joshi.shruti/causalrepl_space/identifiability-guard/src/identifiability_guard/metrics/registry.py:201: UserWarning: tmex failed with error: TMEXMetric requires at least 50 samples, got 10
  warnings.warn(f"{name} failed with error: {e}")
/home/mila/j/joshi.shruti/causalrepl_space/identifiability-guard/src/identifiability_guard/metrics/registry.py:201: UserWarning: infom failed with error: InfoMMetric requires at least 50 samples, got 10
  warnings.warn(f"{name} failed with error: {e}")
/home/mila/j/joshi.shruti/causalrepl_space/identifiability-guard/src/identifiability_guard/metrics/registry.py:201: UserWarning: mig failed with error: MIGMetric requires at least 40 samples, got 10
  warnings.warn(f"{name} failed with error: {e}")
/home/mila/j/joshi.shruti/causalrepl_space/identifiability-guard/src/identifiability_guard/metrics/registry.py:201: UserWarning: infom failed with error: InfoMMetric requires at least 50 samples, got 10
  warnings.warn(f"{name} failed with error: {e}")
/home/mila/j/joshi.shruti/causalrepl_space/identifiability-guard/src/identifiability_guard/metrics/registry.py:201: UserWarning: mig failed with error: MIGMetric requires at least 40 samples, got 10
  warnings.warn(f"{name} failed with error: {e}")
/home/mila/j/joshi.shruti/causalrepl_space/identifiability-guard/src/identifiability_guard/metrics/registry.py:201: UserWarning: infom failed with error: InfoMMetric requires at least 50 samples, got 10
  warnings.warn(f"{name} failed with error: {e}")
/home/mila/j/joshi.shruti/causalrepl_space/identifiability-guard/src/identifiability_guard/metrics/registry.py:201: UserWarning: tmex failed with error: TMEXMetric requires at least 50 samples, got 10
  warnings.warn(f"{name} failed with error: {e}")
/home/mila/j/joshi.shruti/causalrepl_space/identifiability-guard/src/identifiability_guard/metrics/registry.py:201: UserWarning: tmex failed with error: TMEXMetric requires at least 50 samples, got 10
  warnings.warn(f"{name} failed with error: {e}")
/home/mila/j/joshi.shruti/causalrepl_space/identifiability-guard/src/identifiability_guard/metrics/registry.py:201: UserWarning: infom failed with error: InfoMMetric requires at least 50 samples, got 10
  warnings.warn(f"{name} failed with error: {e}")
/home/mila/j/joshi.shruti/causalrepl_space/identifiability-guard/src/identifiability_guard/metrics/registry.py:201: UserWarning: mig failed with error: MIGMetric requires at least 40 samples, got 10
  warnings.warn(f"{name} failed with error: {e}")
/home/mila/j/joshi.shruti/causalrepl_space/identifiability-guard/src/identifiability_guard/metrics/registry.py:201: UserWarning: tmex failed with error: TMEXMetric requires at least 50 samples, got 10
  warnings.warn(f"{name} failed with error: {e}")
/home/mila/j/joshi.shruti/causalrepl_space/identifiability-guard/src/identifiability_guard/metrics/registry.py:201: UserWarning: tmex failed with error: TMEXMetric requires at least 50 samples, got 10
  warnings.warn(f"{name} failed with error: {e}")
/home/mila/j/joshi.shruti/causalrepl_space/identifiability-guard/src/identifiability_guard/metrics/registry.py:201: UserWarning: mig failed with error: MIGMetric requires at least 40 samples, got 10
  warnings.warn(f"{name} failed with error: {e}")
/home/mila/j/joshi.shruti/causalrepl_space/identifiability-guard/src/identifiability_guard/metrics/registry.py:201: UserWarning: infom failed with error: InfoMMetric requires at least 50 samples, got 10
  warnings.warn(f"{name} failed with error: {e}")
/home/mila/j/joshi.shruti/causalrepl_space/identifiability-guard/src/identifiability_guard/metrics/registry.py:201: UserWarning: mig failed with error: MIGMetric requires at least 40 samples, got 10
  warnings.warn(f"{name} failed with error: {e}")
/home/mila/j/joshi.shruti/causalrepl_space/identifiability-guard/src/identifiability_guard/metrics/registry.py:201: UserWarning: tmex failed with error: TMEXMetric requires at least 50 samples, got 20
  warnings.warn(f"{name} failed with error: {e}")
/home/mila/j/joshi.shruti/causalrepl_space/identifiability-guard/src/identifiability_guard/metrics/registry.py:201: UserWarning: infom failed with error: InfoMMetric requires at least 50 samples, got 20
  warnings.warn(f"{name} failed with error: {e}")
/home/mila/j/joshi.shruti/causalrepl_space/identifiability-guard/src/identifiability_guard/metrics/registry.py:201: UserWarning: mig failed with error: MIGMetric requires at least 40 samples, got 20
  warnings.warn(f"{name} failed with error: {e}")
/home/mila/j/joshi.shruti/causalrepl_space/identifiability-guard/src/identifiability_guard/metrics/registry.py:201: UserWarning: infom failed with error: InfoMMetric requires at least 50 samples, got 20
  warnings.warn(f"{name} failed with error: {e}")
/home/mila/j/joshi.shruti/causalrepl_space/identifiability-guard/src/identifiability_guard/metrics/registry.py:201: UserWarning: mig failed with error: MIGMetric requires at least 40 samples, got 20
  warnings.warn(f"{name} failed with error: {e}")
/home/mila/j/joshi.shruti/causalrepl_space/identifiability-guard/src/identifiability_guard/metrics/registry.py:201: UserWarning: infom failed with error: InfoMMetric requires at least 50 samples, got 20
  warnings.warn(f"{name} failed with error: {e}")
/home/mila/j/joshi.shruti/causalrepl_space/identifiability-guard/src/identifiability_guard/metrics/registry.py:201: UserWarning: tmex failed with error: TMEXMetric requires at least 50 samples, got 20
  warnings.warn(f"{name} failed with error: {e}")
/home/mila/j/joshi.shruti/causalrepl_space/identifiability-guard/src/identifiability_guard/metrics/registry.py:201: UserWarning: tmex failed with error: TMEXMetric requires at least 50 samples, got 20
  warnings.warn(f"{name} failed with error: {e}")
/home/mila/j/joshi.shruti/causalrepl_space/identifiability-guard/src/identifiability_guard/metrics/registry.py:201: UserWarning: infom failed with error: InfoMMetric requires at least 50 samples, got 20
  warnings.warn(f"{name} failed with error: {e}")
/home/mila/j/joshi.shruti/causalrepl_space/identifiability-guard/src/identifiability_guard/metrics/registry.py:201: UserWarning: mig failed with error: MIGMetric requires at least 40 samples, got 20
  warnings.warn(f"{name} failed with error: {e}")
/home/mila/j/joshi.shruti/causalrepl_space/identifiability-guard/src/identifiability_guard/metrics/registry.py:201: UserWarning: mig failed with error: MIGMetric requires at least 40 samples, got 20
  warnings.warn(f"{name} failed with error: {e}")
/home/mila/j/joshi.shruti/causalrepl_space/identifiability-guard/src/identifiability_guard/metrics/registry.py:201: UserWarning: tmex failed with error: TMEXMetric requires at least 50 samples, got 20
  warnings.warn(f"{name} failed with error: {e}")
/home/mila/j/joshi.shruti/causalrepl_space/identifiability-guard/src/identifiability_guard/metrics/registry.py:201: UserWarning: tmex failed with error: TMEXMetric requires at least 50 samples, got 20
  warnings.warn(f"{name} failed with error: {e}")
/home/mila/j/joshi.shruti/causalrepl_space/identifiability-guard/src/identifiability_guard/metrics/registry.py:201: UserWarning: mig failed with error: MIGMetric requires at least 40 samples, got 20
  warnings.warn(f"{name} failed with error: {e}")
/home/mila/j/joshi.shruti/causalrepl_space/identifiability-guard/src/identifiability_guard/metrics/registry.py:201: UserWarning: infom failed with error: InfoMMetric requires at least 50 samples, got 20
  warnings.warn(f"{name} failed with error: {e}")
/home/mila/j/joshi.shruti/causalrepl_space/identifiability-guard/src/identifiability_guard/metrics/registry.py:201: UserWarning: tmex failed with error: TMEXMetric requires at least 50 samples, got 10
  warnings.warn(f"{name} failed with error: {e}")
/home/mila/j/joshi.shruti/causalrepl_space/identifiability-guard/src/identifiability_guard/metrics/registry.py:201: UserWarning: infom failed with error: InfoMMetric requires at least 50 samples, got 10
  warnings.warn(f"{name} failed with error: {e}")
/home/mila/j/joshi.shruti/causalrepl_space/identifiability-guard/src/identifiability_guard/metrics/registry.py:201: UserWarning: mig failed with error: MIGMetric requires at least 40 samples, got 10
  warnings.warn(f"{name} failed with error: {e}")
/home/mila/j/joshi.shruti/causalrepl_space/identifiability-guard/src/identifiability_guard/metrics/registry.py:201: UserWarning: infom failed with error: InfoMMetric requires at least 50 samples, got 10
  warnings.warn(f"{name} failed with error: {e}")
/home/mila/j/joshi.shruti/causalrepl_space/identifiability-guard/src/identifiability_guard/metrics/registry.py:201: UserWarning: mig failed with error: MIGMetric requires at least 40 samples, got 10
  warnings.warn(f"{name} failed with error: {e}")
/home/mila/j/joshi.shruti/causalrepl_space/identifiability-guard/src/identifiability_guard/metrics/registry.py:201: UserWarning: infom failed with error: InfoMMetric requires at least 50 samples, got 10
  warnings.warn(f"{name} failed with error: {e}")
/home/mila/j/joshi.shruti/causalrepl_space/identifiability-guard/src/identifiability_guard/metrics/registry.py:201: UserWarning: tmex failed with error: TMEXMetric requires at least 50 samples, got 10
  warnings.warn(f"{name} failed with error: {e}")
/home/mila/j/joshi.shruti/causalrepl_space/identifiability-guard/src/identifiability_guard/metrics/registry.py:201: UserWarning: tmex failed with error: TMEXMetric requires at least 50 samples, got 10
  warnings.warn(f"{name} failed with error: {e}")
/home/mila/j/joshi.shruti/causalrepl_space/identifiability-guard/src/identifiability_guard/metrics/registry.py:201: UserWarning: infom failed with error: InfoMMetric requires at least 50 samples, got 10
  warnings.warn(f"{name} failed with error: {e}")
/home/mila/j/joshi.shruti/causalrepl_space/identifiability-guard/src/identifiability_guard/metrics/registry.py:201: UserWarning: mig failed with error: MIGMetric requires at least 40 samples, got 10
  warnings.warn(f"{name} failed with error: {e}")
/home/mila/j/joshi.shruti/causalrepl_space/identifiability-guard/src/identifiability_guard/metrics/registry.py:201: UserWarning: mig failed with error: MIGMetric requires at least 40 samples, got 10
  warnings.warn(f"{name} failed with error: {e}")
/home/mila/j/joshi.shruti/causalrepl_space/identifiability-guard/src/identifiability_guard/metrics/registry.py:201: UserWarning: tmex failed with error: TMEXMetric requires at least 50 samples, got 10
  warnings.warn(f"{name} failed with error: {e}")
/home/mila/j/joshi.shruti/causalrepl_space/identifiability-guard/src/identifiability_guard/metrics/registry.py:201: UserWarning: tmex failed with error: TMEXMetric requires at least 50 samples, got 10
  warnings.warn(f"{name} failed with error: {e}")
/home/mila/j/joshi.shruti/causalrepl_space/identifiability-guard/src/identifiability_guard/metrics/registry.py:201: UserWarning: mig failed with error: MIGMetric requires at least 40 samples, got 10
  warnings.warn(f"{name} failed with error: {e}")
/home/mila/j/joshi.shruti/causalrepl_space/identifiability-guard/src/identifiability_guard/metrics/registry.py:201: UserWarning: infom failed with error: InfoMMetric requires at least 50 samples, got 10
  warnings.warn(f"{name} failed with error: {e}")
    m/d=0.5, m/n=0.05 → m=50, d=100, n=1000
    m/d=0.5, m/n=0.10 → m=50, d=100, n=500
    m/d=0.5, m/n=0.50 → m=50, d=100, n=100
    m/d=0.5, m/n=1.00 → m=50, d=100, n=50
    m/d=1.0, m/n=0.01 → m=50, d=50, n=5000
    m/d=1.0, m/n=0.05 → m=50, d=50, n=1000
    m/d=1.0, m/n=0.10 → m=50, d=50, n=500
    m/d=1.0, m/n=0.50 → m=50, d=50, n=100
    m/d=1.0, m/n=1.00 → m=50, d=50, n=50
    m/d=2.0, m/n=0.01 → m=50, d=25, n=5000
    m/d=2.0, m/n=0.05 → m=50, d=25, n=1000
    m/d=2.0, m/n=0.10 → m=50, d=25, n=500
    m/d=2.0, m/n=0.50 → m=50, d=25, n=100
    m/d=2.0, m/n=1.00 → m=50, d=25, n=50
    m/d=5.0, m/n=0.01 → m=50, d=10, n=5000
    m/d=5.0, m/n=0.05 → m=50, d=10, n=1000
    m/d=5.0, m/n=0.10 → m=50, d=10, n=500
    m/d=5.0, m/n=0.50 → m=50, d=10, n=100
    m/d=5.0, m/n=1.00 → m=50, d=10, n=50
    m/d=10.0, m/n=0.01 → m=50, d=5, n=5000
    m/d=10.0, m/n=0.05 → m=50, d=5, n=1000
    m/d=10.0, m/n=0.10 → m=50, d=5, n=500
    m/d=10.0, m/n=0.50 → m=50, d=5, n=100
    m/d=10.0, m/n=1.00 → m=50, d=5, n=50
Results saved -> /home/mila/j/joshi.shruti/causalrepl_space/identifiability-guard/experiments/runs/exp15_e9

  ── Collapse sweep: E9 ──
    collapse: m=10, n=20 (d=10)
    collapse: m=10, n=50 (d=10)
    collapse: m=10, n=100 (d=10)
    collapse: m=10, n=200 (d=10)
    collapse: m=10, n=500 (d=10)
    collapse: m=10, n=1000 (d=10)
    collapse: m=10, n=2000 (d=10)
    collapse: m=10, n=5000 (d=10)
    collapse: m=50, n=20 (d=10)
    collapse: m=50, n=50 (d=10)
    collapse: m=50, n=100 (d=10)
    collapse: m=50, n=200 (d=10)
    collapse: m=50, n=500 (d=10)
    collapse: m=50, n=1000 (d=10)
    collapse: m=50, n=2000 (d=10)
    collapse: m=50, n=5000 (d=10)
    collapse: m=200, n=20 (d=10)
    collapse: m=200, n=50 (d=10)
    collapse: m=200, n=100 (d=10)
    collapse: m=200, n=200 (d=10)
    collapse: m=200, n=500 (d=10)
    collapse: m=200, n=1000 (d=10)
    collapse: m=200, n=2000 (d=10)
    collapse: m=200, n=5000 (d=10)
Results saved -> /home/mila/j/joshi.shruti/causalrepl_space/identifiability-guard/experiments/runs/exp15_collapse_e9
Saved → /home/mila/j/joshi.shruti/causalrepl_space/identifiability-guard/experiments/runs/exp15/exp15_phase_diagram_e9_main.pdf
Saved → /home/mila/j/joshi.shruti/causalrepl_space/identifiability-guard/experiments/runs/exp15/exp15_phase_diagram_e9_main.png
Saved → /home/mila/j/joshi.shruti/causalrepl_space/identifiability-guard/experiments/runs/exp15/exp15_phase_diagram_e9_apx.pdf
Saved → /home/mila/j/joshi.shruti/causalrepl_space/identifiability-guard/experiments/runs/exp15/exp15_phase_diagram_e9_apx.png
Saved → /home/mila/j/joshi.shruti/causalrepl_space/identifiability-guard/experiments/runs/exp15/exp15_phase_diagram_e9_main.pdf
Saved → /home/mila/j/joshi.shruti/causalrepl_space/identifiability-guard/experiments/runs/exp15/exp15_phase_diagram_e9_main.png
Saved → /home/mila/j/joshi.shruti/causalrepl_space/identifiability-guard/experiments/runs/exp15/exp15_phase_e9_mcc_pearson.pdf
Saved → /home/mila/j/joshi.shruti/causalrepl_space/identifiability-guard/experiments/runs/exp15/exp15_phase_e9_mcc_pearson.png
Saved → /home/mila/j/joshi.shruti/causalrepl_space/identifiability-guard/experiments/runs/exp15/exp15_phase_e9_mcc_spearman.pdf
Saved → /home/mila/j/joshi.shruti/causalrepl_space/identifiability-guard/experiments/runs/exp15/exp15_phase_e9_mcc_spearman.png
Saved → /home/mila/j/joshi.shruti/causalrepl_space/identifiability-guard/experiments/runs/exp15/exp15_phase_e9_dci_disentanglement.pdf
Saved → /home/mila/j/joshi.shruti/causalrepl_space/identifiability-guard/experiments/runs/exp15/exp15_phase_e9_dci_disentanglement.png
Saved → /home/mila/j/joshi.shruti/causalrepl_space/identifiability-guard/experiments/runs/exp15/exp15_phase_e9_r2.pdf
Saved → /home/mila/j/joshi.shruti/causalrepl_space/identifiability-guard/experiments/runs/exp15/exp15_phase_e9_r2.png
Saved → /home/mila/j/joshi.shruti/causalrepl_space/identifiability-guard/experiments/runs/exp15/exp15_phase_e9_tmex.pdf
Saved → /home/mila/j/joshi.shruti/causalrepl_space/identifiability-guard/experiments/runs/exp15/exp15_phase_e9_tmex.png
Saved → /home/mila/j/joshi.shruti/causalrepl_space/identifiability-guard/experiments/runs/exp15/exp15_collapse_e9.pdf
Saved → /home/mila/j/joshi.shruti/causalrepl_space/identifiability-guard/experiments/runs/exp15/exp15_collapse_e9.png

  ── Null encoder: E10 ──
    m/d=0.5, m/n=0.01 → m=50, d=100, n=5000
    m/d=0.5, m/n=0.05 → m=50, d=100, n=1000
/home/mila/j/joshi.shruti/causalrepl_space/identifiability-guard/.venv/lib/python3.12/site-packages/scipy/stats/_distn_infrastructure.py:2334: RuntimeWarning: invalid value encountered in multiply
  lower_bound = _a * scale + loc
/home/mila/j/joshi.shruti/causalrepl_space/identifiability-guard/.venv/lib/python3.12/site-packages/scipy/stats/_distn_infrastructure.py:2335: RuntimeWarning: invalid value encountered in multiply
  upper_bound = _b * scale + loc
/home/mila/j/joshi.shruti/causalrepl_space/identifiability-guard/src/identifiability_guard/metrics/registry.py:201: UserWarning: infom failed with error: InfoMMetric requires at least 50 samples, got 20
  warnings.warn(f"{name} failed with error: {e}")
/home/mila/j/joshi.shruti/causalrepl_space/identifiability-guard/src/identifiability_guard/metrics/registry.py:201: UserWarning: tmex failed with error: TMEXMetric requires at least 50 samples, got 20
  warnings.warn(f"{name} failed with error: {e}")
/home/mila/j/joshi.shruti/causalrepl_space/identifiability-guard/src/identifiability_guard/metrics/registry.py:201: UserWarning: infom failed with error: InfoMMetric requires at least 50 samples, got 20
  warnings.warn(f"{name} failed with error: {e}")
/home/mila/j/joshi.shruti/causalrepl_space/identifiability-guard/src/identifiability_guard/metrics/registry.py:201: UserWarning: mig failed with error: MIGMetric requires at least 40 samples, got 20
  warnings.warn(f"{name} failed with error: {e}")
/home/mila/j/joshi.shruti/causalrepl_space/identifiability-guard/src/identifiability_guard/metrics/registry.py:201: UserWarning: infom failed with error: InfoMMetric requires at least 50 samples, got 20
  warnings.warn(f"{name} failed with error: {e}")
/home/mila/j/joshi.shruti/causalrepl_space/identifiability-guard/src/identifiability_guard/metrics/registry.py:201: UserWarning: infom failed with error: InfoMMetric requires at least 50 samples, got 20
  warnings.warn(f"{name} failed with error: {e}")
/home/mila/j/joshi.shruti/causalrepl_space/identifiability-guard/src/identifiability_guard/metrics/registry.py:201: UserWarning: mig failed with error: MIGMetric requires at least 40 samples, got 20
  warnings.warn(f"{name} failed with error: {e}")
/home/mila/j/joshi.shruti/causalrepl_space/identifiability-guard/src/identifiability_guard/metrics/registry.py:201: UserWarning: tmex failed with error: TMEXMetric requires at least 50 samples, got 20
  warnings.warn(f"{name} failed with error: {e}")
/home/mila/j/joshi.shruti/causalrepl_space/identifiability-guard/src/identifiability_guard/metrics/registry.py:201: UserWarning: tmex failed with error: TMEXMetric requires at least 50 samples, got 20
  warnings.warn(f"{name} failed with error: {e}")
/home/mila/j/joshi.shruti/causalrepl_space/identifiability-guard/src/identifiability_guard/metrics/registry.py:201: UserWarning: mig failed with error: MIGMetric requires at least 40 samples, got 20
  warnings.warn(f"{name} failed with error: {e}")
/home/mila/j/joshi.shruti/causalrepl_space/identifiability-guard/src/identifiability_guard/metrics/registry.py:201: UserWarning: mig failed with error: MIGMetric requires at least 40 samples, got 20
  warnings.warn(f"{name} failed with error: {e}")
/home/mila/j/joshi.shruti/causalrepl_space/identifiability-guard/src/identifiability_guard/metrics/registry.py:201: UserWarning: tmex failed with error: TMEXMetric requires at least 50 samples, got 20
  warnings.warn(f"{name} failed with error: {e}")
/home/mila/j/joshi.shruti/causalrepl_space/identifiability-guard/src/identifiability_guard/metrics/registry.py:201: UserWarning: mig failed with error: MIGMetric requires at least 40 samples, got 20
  warnings.warn(f"{name} failed with error: {e}")
/home/mila/j/joshi.shruti/causalrepl_space/identifiability-guard/src/identifiability_guard/metrics/registry.py:201: UserWarning: tmex failed with error: TMEXMetric requires at least 50 samples, got 20
  warnings.warn(f"{name} failed with error: {e}")
/home/mila/j/joshi.shruti/causalrepl_space/identifiability-guard/src/identifiability_guard/metrics/registry.py:201: UserWarning: infom failed with error: InfoMMetric requires at least 50 samples, got 20
  warnings.warn(f"{name} failed with error: {e}")
/home/mila/j/joshi.shruti/causalrepl_space/identifiability-guard/src/identifiability_guard/metrics/registry.py:201: UserWarning: infom failed with error: InfoMMetric requires at least 50 samples, got 10
  warnings.warn(f"{name} failed with error: {e}")
/home/mila/j/joshi.shruti/causalrepl_space/identifiability-guard/src/identifiability_guard/metrics/registry.py:201: UserWarning: tmex failed with error: TMEXMetric requires at least 50 samples, got 10
  warnings.warn(f"{name} failed with error: {e}")
/home/mila/j/joshi.shruti/causalrepl_space/identifiability-guard/src/identifiability_guard/metrics/registry.py:201: UserWarning: infom failed with error: InfoMMetric requires at least 50 samples, got 10
  warnings.warn(f"{name} failed with error: {e}")
/home/mila/j/joshi.shruti/causalrepl_space/identifiability-guard/src/identifiability_guard/metrics/registry.py:201: UserWarning: mig failed with error: MIGMetric requires at least 40 samples, got 10
  warnings.warn(f"{name} failed with error: {e}")
/home/mila/j/joshi.shruti/causalrepl_space/identifiability-guard/src/identifiability_guard/metrics/registry.py:201: UserWarning: infom failed with error: InfoMMetric requires at least 50 samples, got 10
  warnings.warn(f"{name} failed with error: {e}")
/home/mila/j/joshi.shruti/causalrepl_space/identifiability-guard/src/identifiability_guard/metrics/registry.py:201: UserWarning: infom failed with error: InfoMMetric requires at least 50 samples, got 10
  warnings.warn(f"{name} failed with error: {e}")
/home/mila/j/joshi.shruti/causalrepl_space/identifiability-guard/src/identifiability_guard/metrics/registry.py:201: UserWarning: mig failed with error: MIGMetric requires at least 40 samples, got 10
  warnings.warn(f"{name} failed with error: {e}")
/home/mila/j/joshi.shruti/causalrepl_space/identifiability-guard/src/identifiability_guard/metrics/registry.py:201: UserWarning: tmex failed with error: TMEXMetric requires at least 50 samples, got 10
  warnings.warn(f"{name} failed with error: {e}")
/home/mila/j/joshi.shruti/causalrepl_space/identifiability-guard/src/identifiability_guard/metrics/registry.py:201: UserWarning: tmex failed with error: TMEXMetric requires at least 50 samples, got 10
  warnings.warn(f"{name} failed with error: {e}")
/home/mila/j/joshi.shruti/causalrepl_space/identifiability-guard/src/identifiability_guard/metrics/registry.py:201: UserWarning: mig failed with error: MIGMetric requires at least 40 samples, got 10
  warnings.warn(f"{name} failed with error: {e}")
/home/mila/j/joshi.shruti/causalrepl_space/identifiability-guard/src/identifiability_guard/metrics/registry.py:201: UserWarning: mig failed with error: MIGMetric requires at least 40 samples, got 10
  warnings.warn(f"{name} failed with error: {e}")
/home/mila/j/joshi.shruti/causalrepl_space/identifiability-guard/src/identifiability_guard/metrics/registry.py:201: UserWarning: tmex failed with error: TMEXMetric requires at least 50 samples, got 10
  warnings.warn(f"{name} failed with error: {e}")
/home/mila/j/joshi.shruti/causalrepl_space/identifiability-guard/src/identifiability_guard/metrics/registry.py:201: UserWarning: mig failed with error: MIGMetric requires at least 40 samples, got 10
  warnings.warn(f"{name} failed with error: {e}")
/home/mila/j/joshi.shruti/causalrepl_space/identifiability-guard/src/identifiability_guard/metrics/registry.py:201: UserWarning: tmex failed with error: TMEXMetric requires at least 50 samples, got 10
  warnings.warn(f"{name} failed with error: {e}")
/home/mila/j/joshi.shruti/causalrepl_space/identifiability-guard/src/identifiability_guard/metrics/registry.py:201: UserWarning: infom failed with error: InfoMMetric requires at least 50 samples, got 10
  warnings.warn(f"{name} failed with error: {e}")
/home/mila/j/joshi.shruti/causalrepl_space/identifiability-guard/src/identifiability_guard/metrics/registry.py:201: UserWarning: infom failed with error: InfoMMetric requires at least 50 samples, got 20
  warnings.warn(f"{name} failed with error: {e}")
/home/mila/j/joshi.shruti/causalrepl_space/identifiability-guard/src/identifiability_guard/metrics/registry.py:201: UserWarning: tmex failed with error: TMEXMetric requires at least 50 samples, got 20
  warnings.warn(f"{name} failed with error: {e}")
/home/mila/j/joshi.shruti/causalrepl_space/identifiability-guard/src/identifiability_guard/metrics/registry.py:201: UserWarning: infom failed with error: InfoMMetric requires at least 50 samples, got 20
  warnings.warn(f"{name} failed with error: {e}")
/home/mila/j/joshi.shruti/causalrepl_space/identifiability-guard/src/identifiability_guard/metrics/registry.py:201: UserWarning: mig failed with error: MIGMetric requires at least 40 samples, got 20
  warnings.warn(f"{name} failed with error: {e}")
/home/mila/j/joshi.shruti/causalrepl_space/identifiability-guard/src/identifiability_guard/metrics/registry.py:201: UserWarning: infom failed with error: InfoMMetric requires at least 50 samples, got 20
  warnings.warn(f"{name} failed with error: {e}")
/home/mila/j/joshi.shruti/causalrepl_space/identifiability-guard/src/identifiability_guard/metrics/registry.py:201: UserWarning: infom failed with error: InfoMMetric requires at least 50 samples, got 20
  warnings.warn(f"{name} failed with error: {e}")
/home/mila/j/joshi.shruti/causalrepl_space/identifiability-guard/src/identifiability_guard/metrics/registry.py:201: UserWarning: mig failed with error: MIGMetric requires at least 40 samples, got 20
  warnings.warn(f"{name} failed with error: {e}")
/home/mila/j/joshi.shruti/causalrepl_space/identifiability-guard/src/identifiability_guard/metrics/registry.py:201: UserWarning: tmex failed with error: TMEXMetric requires at least 50 samples, got 20
  warnings.warn(f"{name} failed with error: {e}")
/home/mila/j/joshi.shruti/causalrepl_space/identifiability-guard/src/identifiability_guard/metrics/registry.py:201: UserWarning: mig failed with error: MIGMetric requires at least 40 samples, got 20
  warnings.warn(f"{name} failed with error: {e}")
/home/mila/j/joshi.shruti/causalrepl_space/identifiability-guard/src/identifiability_guard/metrics/registry.py:201: UserWarning: tmex failed with error: TMEXMetric requires at least 50 samples, got 20
  warnings.warn(f"{name} failed with error: {e}")
/home/mila/j/joshi.shruti/causalrepl_space/identifiability-guard/src/identifiability_guard/metrics/registry.py:201: UserWarning: infom failed with error: InfoMMetric requires at least 50 samples, got 20
  warnings.warn(f"{name} failed with error: {e}")
/home/mila/j/joshi.shruti/causalrepl_space/identifiability-guard/src/identifiability_guard/metrics/registry.py:201: UserWarning: tmex failed with error: TMEXMetric requires at least 50 samples, got 20
  warnings.warn(f"{name} failed with error: {e}")
/home/mila/j/joshi.shruti/causalrepl_space/identifiability-guard/src/identifiability_guard/metrics/registry.py:201: UserWarning: mig failed with error: MIGMetric requires at least 40 samples, got 20
  warnings.warn(f"{name} failed with error: {e}")
/home/mila/j/joshi.shruti/causalrepl_space/identifiability-guard/src/identifiability_guard/metrics/registry.py:201: UserWarning: mig failed with error: MIGMetric requires at least 40 samples, got 20
  warnings.warn(f"{name} failed with error: {e}")
/home/mila/j/joshi.shruti/causalrepl_space/identifiability-guard/src/identifiability_guard/metrics/registry.py:201: UserWarning: tmex failed with error: TMEXMetric requires at least 50 samples, got 20
  warnings.warn(f"{name} failed with error: {e}")
/home/mila/j/joshi.shruti/causalrepl_space/identifiability-guard/src/identifiability_guard/metrics/registry.py:201: UserWarning: infom failed with error: InfoMMetric requires at least 50 samples, got 10
  warnings.warn(f"{name} failed with error: {e}")
/home/mila/j/joshi.shruti/causalrepl_space/identifiability-guard/src/identifiability_guard/metrics/registry.py:201: UserWarning: tmex failed with error: TMEXMetric requires at least 50 samples, got 10
  warnings.warn(f"{name} failed with error: {e}")
/home/mila/j/joshi.shruti/causalrepl_space/identifiability-guard/src/identifiability_guard/metrics/registry.py:201: UserWarning: infom failed with error: InfoMMetric requires at least 50 samples, got 10
  warnings.warn(f"{name} failed with error: {e}")
/home/mila/j/joshi.shruti/causalrepl_space/identifiability-guard/src/identifiability_guard/metrics/registry.py:201: UserWarning: mig failed with error: MIGMetric requires at least 40 samples, got 10
  warnings.warn(f"{name} failed with error: {e}")
/home/mila/j/joshi.shruti/causalrepl_space/identifiability-guard/src/identifiability_guard/metrics/registry.py:201: UserWarning: infom failed with error: InfoMMetric requires at least 50 samples, got 10
  warnings.warn(f"{name} failed with error: {e}")
/home/mila/j/joshi.shruti/causalrepl_space/identifiability-guard/src/identifiability_guard/metrics/registry.py:201: UserWarning: infom failed with error: InfoMMetric requires at least 50 samples, got 10
  warnings.warn(f"{name} failed with error: {e}")
/home/mila/j/joshi.shruti/causalrepl_space/identifiability-guard/src/identifiability_guard/metrics/registry.py:201: UserWarning: mig failed with error: MIGMetric requires at least 40 samples, got 10
  warnings.warn(f"{name} failed with error: {e}")
/home/mila/j/joshi.shruti/causalrepl_space/identifiability-guard/src/identifiability_guard/metrics/registry.py:201: UserWarning: tmex failed with error: TMEXMetric requires at least 50 samples, got 10
  warnings.warn(f"{name} failed with error: {e}")
/home/mila/j/joshi.shruti/causalrepl_space/identifiability-guard/src/identifiability_guard/metrics/registry.py:201: UserWarning: tmex failed with error: TMEXMetric requires at least 50 samples, got 10
  warnings.warn(f"{name} failed with error: {e}")
/home/mila/j/joshi.shruti/causalrepl_space/identifiability-guard/src/identifiability_guard/metrics/registry.py:201: UserWarning: mig failed with error: MIGMetric requires at least 40 samples, got 10
  warnings.warn(f"{name} failed with error: {e}")
/home/mila/j/joshi.shruti/causalrepl_space/identifiability-guard/src/identifiability_guard/metrics/registry.py:201: UserWarning: mig failed with error: MIGMetric requires at least 40 samples, got 10
  warnings.warn(f"{name} failed with error: {e}")
/home/mila/j/joshi.shruti/causalrepl_space/identifiability-guard/src/identifiability_guard/metrics/registry.py:201: UserWarning: mig failed with error: MIGMetric requires at least 40 samples, got 10
  warnings.warn(f"{name} failed with error: {e}")
/home/mila/j/joshi.shruti/causalrepl_space/identifiability-guard/src/identifiability_guard/metrics/registry.py:201: UserWarning: tmex failed with error: TMEXMetric requires at least 50 samples, got 10
  warnings.warn(f"{name} failed with error: {e}")
/home/mila/j/joshi.shruti/causalrepl_space/identifiability-guard/src/identifiability_guard/metrics/registry.py:201: UserWarning: infom failed with error: InfoMMetric requires at least 50 samples, got 10
  warnings.warn(f"{name} failed with error: {e}")
/home/mila/j/joshi.shruti/causalrepl_space/identifiability-guard/src/identifiability_guard/metrics/registry.py:201: UserWarning: tmex failed with error: TMEXMetric requires at least 50 samples, got 10
  warnings.warn(f"{name} failed with error: {e}")
/home/mila/j/joshi.shruti/causalrepl_space/identifiability-guard/src/identifiability_guard/metrics/registry.py:201: UserWarning: infom failed with error: InfoMMetric requires at least 50 samples, got 20
  warnings.warn(f"{name} failed with error: {e}")
/home/mila/j/joshi.shruti/causalrepl_space/identifiability-guard/src/identifiability_guard/metrics/registry.py:201: UserWarning: tmex failed with error: TMEXMetric requires at least 50 samples, got 20
  warnings.warn(f"{name} failed with error: {e}")
/home/mila/j/joshi.shruti/causalrepl_space/identifiability-guard/src/identifiability_guard/metrics/registry.py:201: UserWarning: mig failed with error: MIGMetric requires at least 40 samples, got 20
  warnings.warn(f"{name} failed with error: {e}")
/home/mila/j/joshi.shruti/causalrepl_space/identifiability-guard/src/identifiability_guard/metrics/registry.py:201: UserWarning: infom failed with error: InfoMMetric requires at least 50 samples, got 20
  warnings.warn(f"{name} failed with error: {e}")
/home/mila/j/joshi.shruti/causalrepl_space/identifiability-guard/src/identifiability_guard/metrics/registry.py:201: UserWarning: infom failed with error: InfoMMetric requires at least 50 samples, got 20
  warnings.warn(f"{name} failed with error: {e}")
/home/mila/j/joshi.shruti/causalrepl_space/identifiability-guard/src/identifiability_guard/metrics/registry.py:201: UserWarning: infom failed with error: InfoMMetric requires at least 50 samples, got 20
  warnings.warn(f"{name} failed with error: {e}")
/home/mila/j/joshi.shruti/causalrepl_space/identifiability-guard/src/identifiability_guard/metrics/registry.py:201: UserWarning: mig failed with error: MIGMetric requires at least 40 samples, got 20
  warnings.warn(f"{name} failed with error: {e}")
/home/mila/j/joshi.shruti/causalrepl_space/identifiability-guard/src/identifiability_guard/metrics/registry.py:201: UserWarning: tmex failed with error: TMEXMetric requires at least 50 samples, got 20
  warnings.warn(f"{name} failed with error: {e}")
/home/mila/j/joshi.shruti/causalrepl_space/identifiability-guard/src/identifiability_guard/metrics/registry.py:201: UserWarning: tmex failed with error: TMEXMetric requires at least 50 samples, got 20
  warnings.warn(f"{name} failed with error: {e}")
/home/mila/j/joshi.shruti/causalrepl_space/identifiability-guard/src/identifiability_guard/metrics/registry.py:201: UserWarning: mig failed with error: MIGMetric requires at least 40 samples, got 20
  warnings.warn(f"{name} failed with error: {e}")
/home/mila/j/joshi.shruti/causalrepl_space/identifiability-guard/src/identifiability_guard/metrics/registry.py:201: UserWarning: tmex failed with error: TMEXMetric requires at least 50 samples, got 20
  warnings.warn(f"{name} failed with error: {e}")
/home/mila/j/joshi.shruti/causalrepl_space/identifiability-guard/src/identifiability_guard/metrics/registry.py:201: UserWarning: mig failed with error: MIGMetric requires at least 40 samples, got 20
  warnings.warn(f"{name} failed with error: {e}")
/home/mila/j/joshi.shruti/causalrepl_space/identifiability-guard/src/identifiability_guard/metrics/registry.py:201: UserWarning: tmex failed with error: TMEXMetric requires at least 50 samples, got 20
  warnings.warn(f"{name} failed with error: {e}")
/home/mila/j/joshi.shruti/causalrepl_space/identifiability-guard/src/identifiability_guard/metrics/registry.py:201: UserWarning: infom failed with error: InfoMMetric requires at least 50 samples, got 20
  warnings.warn(f"{name} failed with error: {e}")
/home/mila/j/joshi.shruti/causalrepl_space/identifiability-guard/src/identifiability_guard/metrics/registry.py:201: UserWarning: mig failed with error: MIGMetric requires at least 40 samples, got 20
  warnings.warn(f"{name} failed with error: {e}")
/home/mila/j/joshi.shruti/causalrepl_space/identifiability-guard/src/identifiability_guard/metrics/registry.py:201: UserWarning: infom failed with error: InfoMMetric requires at least 50 samples, got 10
  warnings.warn(f"{name} failed with error: {e}")
/home/mila/j/joshi.shruti/causalrepl_space/identifiability-guard/src/identifiability_guard/metrics/registry.py:201: UserWarning: tmex failed with error: TMEXMetric requires at least 50 samples, got 10
  warnings.warn(f"{name} failed with error: {e}")
/home/mila/j/joshi.shruti/causalrepl_space/identifiability-guard/src/identifiability_guard/metrics/registry.py:201: UserWarning: mig failed with error: MIGMetric requires at least 40 samples, got 10
  warnings.warn(f"{name} failed with error: {e}")
/home/mila/j/joshi.shruti/causalrepl_space/identifiability-guard/src/identifiability_guard/metrics/registry.py:201: UserWarning: infom failed with error: InfoMMetric requires at least 50 samples, got 10
  warnings.warn(f"{name} failed with error: {e}")
/home/mila/j/joshi.shruti/causalrepl_space/identifiability-guard/src/identifiability_guard/metrics/registry.py:201: UserWarning: infom failed with error: InfoMMetric requires at least 50 samples, got 10
  warnings.warn(f"{name} failed with error: {e}")
/home/mila/j/joshi.shruti/causalrepl_space/identifiability-guard/src/identifiability_guard/metrics/registry.py:201: UserWarning: infom failed with error: InfoMMetric requires at least 50 samples, got 10
  warnings.warn(f"{name} failed with error: {e}")
/home/mila/j/joshi.shruti/causalrepl_space/identifiability-guard/src/identifiability_guard/metrics/registry.py:201: UserWarning: mig failed with error: MIGMetric requires at least 40 samples, got 10
  warnings.warn(f"{name} failed with error: {e}")
/home/mila/j/joshi.shruti/causalrepl_space/identifiability-guard/src/identifiability_guard/metrics/registry.py:201: UserWarning: tmex failed with error: TMEXMetric requires at least 50 samples, got 10
  warnings.warn(f"{name} failed with error: {e}")
/home/mila/j/joshi.shruti/causalrepl_space/identifiability-guard/src/identifiability_guard/metrics/registry.py:201: UserWarning: tmex failed with error: TMEXMetric requires at least 50 samples, got 10
  warnings.warn(f"{name} failed with error: {e}")
/home/mila/j/joshi.shruti/causalrepl_space/identifiability-guard/src/identifiability_guard/metrics/registry.py:201: UserWarning: tmex failed with error: TMEXMetric requires at least 50 samples, got 10
  warnings.warn(f"{name} failed with error: {e}")
/home/mila/j/joshi.shruti/causalrepl_space/identifiability-guard/src/identifiability_guard/metrics/registry.py:201: UserWarning: mig failed with error: MIGMetric requires at least 40 samples, got 10
  warnings.warn(f"{name} failed with error: {e}")
/home/mila/j/joshi.shruti/causalrepl_space/identifiability-guard/src/identifiability_guard/metrics/registry.py:201: UserWarning: mig failed with error: MIGMetric requires at least 40 samples, got 10
  warnings.warn(f"{name} failed with error: {e}")
/home/mila/j/joshi.shruti/causalrepl_space/identifiability-guard/src/identifiability_guard/metrics/registry.py:201: UserWarning: mig failed with error: MIGMetric requires at least 40 samples, got 10
  warnings.warn(f"{name} failed with error: {e}")
/home/mila/j/joshi.shruti/causalrepl_space/identifiability-guard/src/identifiability_guard/metrics/registry.py:201: UserWarning: tmex failed with error: TMEXMetric requires at least 50 samples, got 10
  warnings.warn(f"{name} failed with error: {e}")
/home/mila/j/joshi.shruti/causalrepl_space/identifiability-guard/src/identifiability_guard/metrics/registry.py:201: UserWarning: infom failed with error: InfoMMetric requires at least 50 samples, got 10
  warnings.warn(f"{name} failed with error: {e}")
/home/mila/j/joshi.shruti/causalrepl_space/identifiability-guard/src/identifiability_guard/metrics/registry.py:201: UserWarning: infom failed with error: InfoMMetric requires at least 50 samples, got 20
  warnings.warn(f"{name} failed with error: {e}")
/home/mila/j/joshi.shruti/causalrepl_space/identifiability-guard/src/identifiability_guard/metrics/registry.py:201: UserWarning: tmex failed with error: TMEXMetric requires at least 50 samples, got 20
  warnings.warn(f"{name} failed with error: {e}")
/home/mila/j/joshi.shruti/causalrepl_space/identifiability-guard/src/identifiability_guard/metrics/registry.py:201: UserWarning: infom failed with error: InfoMMetric requires at least 50 samples, got 20
  warnings.warn(f"{name} failed with error: {e}")
/home/mila/j/joshi.shruti/causalrepl_space/identifiability-guard/src/identifiability_guard/metrics/registry.py:201: UserWarning: mig failed with error: MIGMetric requires at least 40 samples, got 20
  warnings.warn(f"{name} failed with error: {e}")
/home/mila/j/joshi.shruti/causalrepl_space/identifiability-guard/src/identifiability_guard/metrics/registry.py:201: UserWarning: infom failed with error: InfoMMetric requires at least 50 samples, got 20
  warnings.warn(f"{name} failed with error: {e}")
/home/mila/j/joshi.shruti/causalrepl_space/identifiability-guard/src/identifiability_guard/metrics/registry.py:201: UserWarning: infom failed with error: InfoMMetric requires at least 50 samples, got 20
  warnings.warn(f"{name} failed with error: {e}")
/home/mila/j/joshi.shruti/causalrepl_space/identifiability-guard/src/identifiability_guard/metrics/registry.py:201: UserWarning: mig failed with error: MIGMetric requires at least 40 samples, got 20
  warnings.warn(f"{name} failed with error: {e}")
/home/mila/j/joshi.shruti/causalrepl_space/identifiability-guard/src/identifiability_guard/metrics/registry.py:201: UserWarning: tmex failed with error: TMEXMetric requires at least 50 samples, got 20
  warnings.warn(f"{name} failed with error: {e}")
/home/mila/j/joshi.shruti/causalrepl_space/identifiability-guard/src/identifiability_guard/metrics/registry.py:201: UserWarning: tmex failed with error: TMEXMetric requires at least 50 samples, got 20
  warnings.warn(f"{name} failed with error: {e}")
/home/mila/j/joshi.shruti/causalrepl_space/identifiability-guard/src/identifiability_guard/metrics/registry.py:201: UserWarning: mig failed with error: MIGMetric requires at least 40 samples, got 20
  warnings.warn(f"{name} failed with error: {e}")
/home/mila/j/joshi.shruti/causalrepl_space/identifiability-guard/src/identifiability_guard/metrics/registry.py:201: UserWarning: tmex failed with error: TMEXMetric requires at least 50 samples, got 20
  warnings.warn(f"{name} failed with error: {e}")
/home/mila/j/joshi.shruti/causalrepl_space/identifiability-guard/src/identifiability_guard/metrics/registry.py:201: UserWarning: mig failed with error: MIGMetric requires at least 40 samples, got 20
  warnings.warn(f"{name} failed with error: {e}")
/home/mila/j/joshi.shruti/causalrepl_space/identifiability-guard/src/identifiability_guard/metrics/registry.py:201: UserWarning: tmex failed with error: TMEXMetric requires at least 50 samples, got 20
  warnings.warn(f"{name} failed with error: {e}")
/home/mila/j/joshi.shruti/causalrepl_space/identifiability-guard/src/identifiability_guard/metrics/registry.py:201: UserWarning: infom failed with error: InfoMMetric requires at least 50 samples, got 20
  warnings.warn(f"{name} failed with error: {e}")
/home/mila/j/joshi.shruti/causalrepl_space/identifiability-guard/src/identifiability_guard/metrics/registry.py:201: UserWarning: mig failed with error: MIGMetric requires at least 40 samples, got 20
  warnings.warn(f"{name} failed with error: {e}")
/home/mila/j/joshi.shruti/causalrepl_space/identifiability-guard/src/identifiability_guard/metrics/registry.py:201: UserWarning: infom failed with error: InfoMMetric requires at least 50 samples, got 10
  warnings.warn(f"{name} failed with error: {e}")
/home/mila/j/joshi.shruti/causalrepl_space/identifiability-guard/src/identifiability_guard/metrics/registry.py:201: UserWarning: tmex failed with error: TMEXMetric requires at least 50 samples, got 10
  warnings.warn(f"{name} failed with error: {e}")
/home/mila/j/joshi.shruti/causalrepl_space/identifiability-guard/src/identifiability_guard/metrics/registry.py:201: UserWarning: mig failed with error: MIGMetric requires at least 40 samples, got 10
  warnings.warn(f"{name} failed with error: {e}")
/home/mila/j/joshi.shruti/causalrepl_space/identifiability-guard/src/identifiability_guard/metrics/registry.py:201: UserWarning: infom failed with error: InfoMMetric requires at least 50 samples, got 10
  warnings.warn(f"{name} failed with error: {e}")
/home/mila/j/joshi.shruti/causalrepl_space/identifiability-guard/src/identifiability_guard/metrics/registry.py:201: UserWarning: infom failed with error: InfoMMetric requires at least 50 samples, got 10
  warnings.warn(f"{name} failed with error: {e}")
/home/mila/j/joshi.shruti/causalrepl_space/identifiability-guard/src/identifiability_guard/metrics/registry.py:201: UserWarning: infom failed with error: InfoMMetric requires at least 50 samples, got 10
  warnings.warn(f"{name} failed with error: {e}")
/home/mila/j/joshi.shruti/causalrepl_space/identifiability-guard/src/identifiability_guard/metrics/registry.py:201: UserWarning: mig failed with error: MIGMetric requires at least 40 samples, got 10
  warnings.warn(f"{name} failed with error: {e}")
/home/mila/j/joshi.shruti/causalrepl_space/identifiability-guard/src/identifiability_guard/metrics/registry.py:201: UserWarning: tmex failed with error: TMEXMetric requires at least 50 samples, got 10
  warnings.warn(f"{name} failed with error: {e}")
/home/mila/j/joshi.shruti/causalrepl_space/identifiability-guard/src/identifiability_guard/metrics/registry.py:201: UserWarning: tmex failed with error: TMEXMetric requires at least 50 samples, got 10
  warnings.warn(f"{name} failed with error: {e}")
/home/mila/j/joshi.shruti/causalrepl_space/identifiability-guard/src/identifiability_guard/metrics/registry.py:201: UserWarning: mig failed with error: MIGMetric requires at least 40 samples, got 10
  warnings.warn(f"{name} failed with error: {e}")
/home/mila/j/joshi.shruti/causalrepl_space/identifiability-guard/src/identifiability_guard/metrics/registry.py:201: UserWarning: tmex failed with error: TMEXMetric requires at least 50 samples, got 10
  warnings.warn(f"{name} failed with error: {e}")
/home/mila/j/joshi.shruti/causalrepl_space/identifiability-guard/src/identifiability_guard/metrics/registry.py:201: UserWarning: mig failed with error: MIGMetric requires at least 40 samples, got 10
  warnings.warn(f"{name} failed with error: {e}")
/home/mila/j/joshi.shruti/causalrepl_space/identifiability-guard/src/identifiability_guard/metrics/registry.py:201: UserWarning: mig failed with error: MIGMetric requires at least 40 samples, got 10
  warnings.warn(f"{name} failed with error: {e}")
/home/mila/j/joshi.shruti/causalrepl_space/identifiability-guard/src/identifiability_guard/metrics/registry.py:201: UserWarning: tmex failed with error: TMEXMetric requires at least 50 samples, got 10
  warnings.warn(f"{name} failed with error: {e}")
/home/mila/j/joshi.shruti/causalrepl_space/identifiability-guard/src/identifiability_guard/metrics/registry.py:201: UserWarning: infom failed with error: InfoMMetric requires at least 50 samples, got 10
  warnings.warn(f"{name} failed with error: {e}")
/home/mila/j/joshi.shruti/causalrepl_space/identifiability-guard/src/identifiability_guard/metrics/registry.py:201: UserWarning: infom failed with error: InfoMMetric requires at least 50 samples, got 20
  warnings.warn(f"{name} failed with error: {e}")
/home/mila/j/joshi.shruti/causalrepl_space/identifiability-guard/src/identifiability_guard/metrics/registry.py:201: UserWarning: tmex failed with error: TMEXMetric requires at least 50 samples, got 20
  warnings.warn(f"{name} failed with error: {e}")
/home/mila/j/joshi.shruti/causalrepl_space/identifiability-guard/src/identifiability_guard/metrics/registry.py:201: UserWarning: mig failed with error: MIGMetric requires at least 40 samples, got 20
  warnings.warn(f"{name} failed with error: {e}")
/home/mila/j/joshi.shruti/causalrepl_space/identifiability-guard/src/identifiability_guard/metrics/registry.py:201: UserWarning: infom failed with error: InfoMMetric requires at least 50 samples, got 20
  warnings.warn(f"{name} failed with error: {e}")
/home/mila/j/joshi.shruti/causalrepl_space/identifiability-guard/src/identifiability_guard/metrics/registry.py:201: UserWarning: infom failed with error: InfoMMetric requires at least 50 samples, got 20
  warnings.warn(f"{name} failed with error: {e}")
/home/mila/j/joshi.shruti/causalrepl_space/identifiability-guard/src/identifiability_guard/metrics/registry.py:201: UserWarning: infom failed with error: InfoMMetric requires at least 50 samples, got 20
  warnings.warn(f"{name} failed with error: {e}")
/home/mila/j/joshi.shruti/causalrepl_space/identifiability-guard/src/identifiability_guard/metrics/registry.py:201: UserWarning: mig failed with error: MIGMetric requires at least 40 samples, got 20
  warnings.warn(f"{name} failed with error: {e}")
/home/mila/j/joshi.shruti/causalrepl_space/identifiability-guard/src/identifiability_guard/metrics/registry.py:201: UserWarning: tmex failed with error: TMEXMetric requires at least 50 samples, got 20
  warnings.warn(f"{name} failed with error: {e}")
/home/mila/j/joshi.shruti/causalrepl_space/identifiability-guard/src/identifiability_guard/metrics/registry.py:201: UserWarning: mig failed with error: MIGMetric requires at least 40 samples, got 20
  warnings.warn(f"{name} failed with error: {e}")
/home/mila/j/joshi.shruti/causalrepl_space/identifiability-guard/src/identifiability_guard/metrics/registry.py:201: UserWarning: tmex failed with error: TMEXMetric requires at least 50 samples, got 20
  warnings.warn(f"{name} failed with error: {e}")
/home/mila/j/joshi.shruti/causalrepl_space/identifiability-guard/src/identifiability_guard/metrics/registry.py:201: UserWarning: mig failed with error: MIGMetric requires at least 40 samples, got 20
  warnings.warn(f"{name} failed with error: {e}")
/home/mila/j/joshi.shruti/causalrepl_space/identifiability-guard/src/identifiability_guard/metrics/registry.py:201: UserWarning: tmex failed with error: TMEXMetric requires at least 50 samples, got 20
  warnings.warn(f"{name} failed with error: {e}")
/home/mila/j/joshi.shruti/causalrepl_space/identifiability-guard/src/identifiability_guard/metrics/registry.py:201: UserWarning: infom failed with error: InfoMMetric requires at least 50 samples, got 20
  warnings.warn(f"{name} failed with error: {e}")
/home/mila/j/joshi.shruti/causalrepl_space/identifiability-guard/src/identifiability_guard/metrics/registry.py:201: UserWarning: tmex failed with error: TMEXMetric requires at least 50 samples, got 20
  warnings.warn(f"{name} failed with error: {e}")
/home/mila/j/joshi.shruti/causalrepl_space/identifiability-guard/src/identifiability_guard/metrics/registry.py:201: UserWarning: mig failed with error: MIGMetric requires at least 40 samples, got 20
  warnings.warn(f"{name} failed with error: {e}")
/home/mila/j/joshi.shruti/causalrepl_space/identifiability-guard/src/identifiability_guard/metrics/registry.py:201: UserWarning: infom failed with error: InfoMMetric requires at least 50 samples, got 10
  warnings.warn(f"{name} failed with error: {e}")
/home/mila/j/joshi.shruti/causalrepl_space/identifiability-guard/src/identifiability_guard/metrics/registry.py:201: UserWarning: tmex failed with error: TMEXMetric requires at least 50 samples, got 10
  warnings.warn(f"{name} failed with error: {e}")
/home/mila/j/joshi.shruti/causalrepl_space/identifiability-guard/src/identifiability_guard/metrics/registry.py:201: UserWarning: infom failed with error: InfoMMetric requires at least 50 samples, got 10
  warnings.warn(f"{name} failed with error: {e}")
/home/mila/j/joshi.shruti/causalrepl_space/identifiability-guard/src/identifiability_guard/metrics/registry.py:201: UserWarning: mig failed with error: MIGMetric requires at least 40 samples, got 10
  warnings.warn(f"{name} failed with error: {e}")
/home/mila/j/joshi.shruti/causalrepl_space/identifiability-guard/src/identifiability_guard/metrics/registry.py:201: UserWarning: infom failed with error: InfoMMetric requires at least 50 samples, got 10
  warnings.warn(f"{name} failed with error: {e}")
/home/mila/j/joshi.shruti/causalrepl_space/identifiability-guard/src/identifiability_guard/metrics/registry.py:201: UserWarning: infom failed with error: InfoMMetric requires at least 50 samples, got 10
  warnings.warn(f"{name} failed with error: {e}")
/home/mila/j/joshi.shruti/causalrepl_space/identifiability-guard/src/identifiability_guard/metrics/registry.py:201: UserWarning: mig failed with error: MIGMetric requires at least 40 samples, got 10
  warnings.warn(f"{name} failed with error: {e}")
/home/mila/j/joshi.shruti/causalrepl_space/identifiability-guard/src/identifiability_guard/metrics/registry.py:201: UserWarning: tmex failed with error: TMEXMetric requires at least 50 samples, got 10
  warnings.warn(f"{name} failed with error: {e}")
/home/mila/j/joshi.shruti/causalrepl_space/identifiability-guard/src/identifiability_guard/metrics/registry.py:201: UserWarning: tmex failed with error: TMEXMetric requires at least 50 samples, got 10
  warnings.warn(f"{name} failed with error: {e}")
/home/mila/j/joshi.shruti/causalrepl_space/identifiability-guard/src/identifiability_guard/metrics/registry.py:201: UserWarning: mig failed with error: MIGMetric requires at least 40 samples, got 10
  warnings.warn(f"{name} failed with error: {e}")
/home/mila/j/joshi.shruti/causalrepl_space/identifiability-guard/src/identifiability_guard/metrics/registry.py:201: UserWarning: tmex failed with error: TMEXMetric requires at least 50 samples, got 10
  warnings.warn(f"{name} failed with error: {e}")
/home/mila/j/joshi.shruti/causalrepl_space/identifiability-guard/src/identifiability_guard/metrics/registry.py:201: UserWarning: mig failed with error: MIGMetric requires at least 40 samples, got 10
  warnings.warn(f"{name} failed with error: {e}")
/home/mila/j/joshi.shruti/causalrepl_space/identifiability-guard/src/identifiability_guard/metrics/registry.py:201: UserWarning: mig failed with error: MIGMetric requires at least 40 samples, got 10
  warnings.warn(f"{name} failed with error: {e}")
/home/mila/j/joshi.shruti/causalrepl_space/identifiability-guard/src/identifiability_guard/metrics/registry.py:201: UserWarning: tmex failed with error: TMEXMetric requires at least 50 samples, got 10
  warnings.warn(f"{name} failed with error: {e}")
/home/mila/j/joshi.shruti/causalrepl_space/identifiability-guard/src/identifiability_guard/metrics/registry.py:201: UserWarning: infom failed with error: InfoMMetric requires at least 50 samples, got 10
  warnings.warn(f"{name} failed with error: {e}")
    m/d=0.5, m/n=0.10 → m=50, d=100, n=500
    m/d=0.5, m/n=0.50 → m=50, d=100, n=100
    m/d=0.5, m/n=1.00 → m=50, d=100, n=50
    m/d=1.0, m/n=0.01 → m=50, d=50, n=5000
    m/d=1.0, m/n=0.05 → m=50, d=50, n=1000
    m/d=1.0, m/n=0.10 → m=50, d=50, n=500
    m/d=1.0, m/n=0.50 → m=50, d=50, n=100
    m/d=1.0, m/n=1.00 → m=50, d=50, n=50
    m/d=2.0, m/n=0.01 → m=50, d=25, n=5000
    m/d=2.0, m/n=0.05 → m=50, d=25, n=1000
    m/d=2.0, m/n=0.10 → m=50, d=25, n=500
    m/d=2.0, m/n=0.50 → m=50, d=25, n=100
    m/d=2.0, m/n=1.00 → m=50, d=25, n=50
    m/d=5.0, m/n=0.01 → m=50, d=10, n=5000
    m/d=5.0, m/n=0.05 → m=50, d=10, n=1000
    m/d=5.0, m/n=0.10 → m=50, d=10, n=500
    m/d=5.0, m/n=0.50 → m=50, d=10, n=100
    m/d=5.0, m/n=1.00 → m=50, d=10, n=50
    m/d=10.0, m/n=0.01 → m=50, d=5, n=5000
    m/d=10.0, m/n=0.05 → m=50, d=5, n=1000
    m/d=10.0, m/n=0.10 → m=50, d=5, n=500
    m/d=10.0, m/n=0.50 → m=50, d=5, n=100
    m/d=10.0, m/n=1.00 → m=50, d=5, n=50
Results saved -> /home/mila/j/joshi.shruti/causalrepl_space/identifiability-guard/experiments/runs/exp15_e10

  ── Collapse sweep: E10 ──
    collapse: m=10, n=20 (d=10)
    collapse: m=10, n=50 (d=10)
    collapse: m=10, n=100 (d=10)
    collapse: m=10, n=200 (d=10)
    collapse: m=10, n=500 (d=10)
    collapse: m=10, n=1000 (d=10)
    collapse: m=10, n=2000 (d=10)
    collapse: m=10, n=5000 (d=10)
    collapse: m=50, n=20 (d=10)
    collapse: m=50, n=50 (d=10)
    collapse: m=50, n=100 (d=10)
    collapse: m=50, n=200 (d=10)
    collapse: m=50, n=500 (d=10)
    collapse: m=50, n=1000 (d=10)
    collapse: m=50, n=2000 (d=10)
    collapse: m=50, n=5000 (d=10)
    collapse: m=200, n=20 (d=10)
    collapse: m=200, n=50 (d=10)
    collapse: m=200, n=100 (d=10)
    collapse: m=200, n=200 (d=10)
    collapse: m=200, n=500 (d=10)
    collapse: m=200, n=1000 (d=10)
    collapse: m=200, n=2000 (d=10)
    collapse: m=200, n=5000 (d=10)
Results saved -> /home/mila/j/joshi.shruti/causalrepl_space/identifiability-guard/experiments/runs/exp15_collapse_e10
Saved → /home/mila/j/joshi.shruti/causalrepl_space/identifiability-guard/experiments/runs/exp15/exp15_phase_diagram_e10_main.pdf
Saved → /home/mila/j/joshi.shruti/causalrepl_space/identifiability-guard/experiments/runs/exp15/exp15_phase_diagram_e10_main.png
Saved → /home/mila/j/joshi.shruti/causalrepl_space/identifiability-guard/experiments/runs/exp15/exp15_phase_diagram_e10_apx.pdf
Saved → /home/mila/j/joshi.shruti/causalrepl_space/identifiability-guard/experiments/runs/exp15/exp15_phase_diagram_e10_apx.png
Saved → /home/mila/j/joshi.shruti/causalrepl_space/identifiability-guard/experiments/runs/exp15/exp15_phase_diagram_e10_main.pdf
Saved → /home/mila/j/joshi.shruti/causalrepl_space/identifiability-guard/experiments/runs/exp15/exp15_phase_diagram_e10_main.png
Saved → /home/mila/j/joshi.shruti/causalrepl_space/identifiability-guard/experiments/runs/exp15/exp15_phase_e10_mcc_pearson.pdf
Saved → /home/mila/j/joshi.shruti/causalrepl_space/identifiability-guard/experiments/runs/exp15/exp15_phase_e10_mcc_pearson.png
Saved → /home/mila/j/joshi.shruti/causalrepl_space/identifiability-guard/experiments/runs/exp15/exp15_phase_e10_mcc_spearman.pdf
Saved → /home/mila/j/joshi.shruti/causalrepl_space/identifiability-guard/experiments/runs/exp15/exp15_phase_e10_mcc_spearman.png
Saved → /home/mila/j/joshi.shruti/causalrepl_space/identifiability-guard/experiments/runs/exp15/exp15_phase_e10_dci_disentanglement.pdf
Saved → /home/mila/j/joshi.shruti/causalrepl_space/identifiability-guard/experiments/runs/exp15/exp15_phase_e10_dci_disentanglement.png
Saved → /home/mila/j/joshi.shruti/causalrepl_space/identifiability-guard/experiments/runs/exp15/exp15_phase_e10_r2.pdf
Saved → /home/mila/j/joshi.shruti/causalrepl_space/identifiability-guard/experiments/runs/exp15/exp15_phase_e10_r2.png
Saved → /home/mila/j/joshi.shruti/causalrepl_space/identifiability-guard/experiments/runs/exp15/exp15_phase_e10_tmex.pdf
Saved → /home/mila/j/joshi.shruti/causalrepl_space/identifiability-guard/experiments/runs/exp15/exp15_phase_e10_tmex.png
Saved → /home/mila/j/joshi.shruti/causalrepl_space/identifiability-guard/experiments/runs/exp15/exp15_collapse_e10.pdf
Saved → /home/mila/j/joshi.shruti/causalrepl_space/identifiability-guard/experiments/runs/exp15/exp15_collapse_e10.png
Done.

=== Done: Wed Jul  8 02:59:04 PM EDT 2026 ===
